=~=~=~=~=~=~=~=~=~=~=~= PuTTY log 2020.03.01 23:58:17 =~=~=~=~=~=~=~=~=~=~=~=

[sunil@localhost playbooks]$ ls -lrt
total 16
-rw-rw-r--. 1 sunil sunil 2245 Mar  1 09:19 sample.yml
-rw-rw-r--. 1 sunil sunil 1958 Mar  1 09:40 checking.yml
-rw-rw-r--. 1 sunil sunil 2762 Mar  1 10:45 1
-rw-rw-r--. 1 sunil sunil 2723 Mar  1 10:55 telegraf.yml
[sunil@localhost playbooks]$ 
[sunil@localhost playbooks]$ 
[sunil@localhost playbooks]$ cat teelegraf.yml 
---
- hosts: labservers
  tasks:
          - name: Telegraf Installation
            block:
                    - name: Install Telegraf
                      unarchive:
                              src: https://dl.influxdata.com/telegraf/releases/telegraf-1.13.4_linux_amd64.tar.gz
                              dest: /data/sample/metrics
                              remote_src: yes

                    - name: Start Telegraf
                      command:
                              cmd: echo "Starting Telegraf after Installation"
                      notify:
                              - telegraf_start
            when: telegraf_action == "install"
            ignore_errors: yes

          - name: Telegraf Uninstallation
            block:
                    - name: Stop Telegraf Process
                      command:
                              cmd: echo "Stopping Telegraf for uninstallation"
                      notify:
                              - telegraf_stop
                    - name: Remove binariy footprnts
                      file:
                              path: /data/sampel/metrics/telegraf
                              state: absent
            when: telegraf_action == "uninstall"

          - name: Telegraf Start
            command:
                    cmd: echo "Starting Telegraf"
            notify:
                    - telegraf_start
            when: telegraf_action == "start"

          - name: Telegraf Stop
            command:
                    cmd: echo "Stopping Telegraf"
            notify:
                    - telegraf_stop
            when: telegraf_action == "stop"

          - name: Telegraf Restart
            command:
                    cmd: echo "Restarting Telegraf"
            notify:
                    - telegraf_stop
                    - telegraf_start
            when: telegraf_action == "restart"

          - name: Telegraf Status
            command:
                    cmd: echo "Display Telegraf Status"
            notify:
                    - telegraf_status
            when: telegraf_action == "status"

  handlers:
          - name: telegraf_start
            shell: nohup /data/sample/metrics/telegraf/usr/bin/telegraf --config /data/sample/metrics/telegraf/etc/telegraf/telegraf.conf > /tmp/telegraf.log 2>&1 &
            args:
                    executable: /bin/bash
          - name: telegraf_stop
            shell: killall telegraf; sleep 5;
            args:
                    executable: /bin/bash
          - name: telegraf_status
            shell: ps -ef|grep telegraf | grep -v grep
            ignore_errors: true
            register: ps
          - debug:
                  var: ps.stdout_lines
[sunil@localhost playbooks]$ 
[sunil@localhost playbooks]$ 
[sunil@localhost playbooks]$ cat telegraf.yml ls -lrtcat telegraf.yml ls -lrtansible-playbook telegraf.yml -e "telegraf_action=start"op"

PLAY [labservers] **********************************************************************************************************************************************************************************************

TASK [Gathering Facts] *****************************************************************************************************************************************************************************************
ok: [localhost]

TASK [Install Telegraf] ****************************************************************************************************************************************************************************************
skipping: [localhost]

TASK [Start Telegraf] ******************************************************************************************************************************************************************************************
skipping: [localhost]

TASK [Stop Telegraf Process] ***********************************************************************************************************************************************************************************
skipping: [localhost]

TASK [Remove binariy footprnts] ********************************************************************************************************************************************************************************
skipping: [localhost]

TASK [Telegraf Start] ******************************************************************************************************************************************************************************************
skipping: [localhost]

TASK [Telegraf Stop] *******************************************************************************************************************************************************************************************
changed: [localhost]

TASK [Telegraf Restart] ****************************************************************************************************************************************************************************************
skipping: [localhost]

TASK [Telegraf Status] *****************************************************************************************************************************************************************************************
skipping: [localhost]

RUNNING HANDLER [telegraf_stop] ********************************************************************************************************************************************************************************
changed: [localhost]

PLAY RECAP *****************************************************************************************************************************************************************************************************
localhost                  : ok=3    changed=2    unreachable=0    failed=0    skipped=7    rescued=0    ignored=0   

[sunil@localhost playbooks]$ ansible-playbook telegraf.yml -e "telegraf_action=stop"""""u"n"i"n"s"t"a"l"l"

PLAY [labservers] **********************************************************************************************************************************************************************************************

TASK [Gathering Facts] *****************************************************************************************************************************************************************************************
ok: [localhost]

TASK [Install Telegraf] ****************************************************************************************************************************************************************************************
skipping: [localhost]

TASK [Start Telegraf] ******************************************************************************************************************************************************************************************
skipping: [localhost]

TASK [Stop Telegraf Process] ***********************************************************************************************************************************************************************************
changed: [localhost]

TASK [Remove binariy footprnts] ********************************************************************************************************************************************************************************
ok: [localhost]

TASK [Telegraf Start] ******************************************************************************************************************************************************************************************
skipping: [localhost]

TASK [Telegraf Stop] *******************************************************************************************************************************************************************************************
skipping: [localhost]

TASK [Telegraf Restart] ****************************************************************************************************************************************************************************************
skipping: [localhost]

TASK [Telegraf Status] *****************************************************************************************************************************************************************************************
skipping: [localhost]

RUNNING HANDLER [telegraf_stop] ********************************************************************************************************************************************************************************
changed: [localhost]

PLAY RECAP *****************************************************************************************************************************************************************************************************
localhost                  : ok=4    changed=2    unreachable=0    failed=0    skipped=6    rescued=0    ignored=0   

[sunil@localhost playbooks]$ ls -lrt /data/sample/metrics/
total 0
drwxr-xr-x. 5 sunil sunil 39 Feb 25 16:08 telegraf
[sunil@localhost playbooks]$ ls -lrt /data/sample/metrics/telegraf/
total 0
drwxr-xr-x. 3 sunil sunil 17 Feb 25 16:08 var
drwxr-xr-x. 4 sunil sunil 28 Feb 25 16:08 usr
drwxr-xr-x. 4 sunil sunil 41 Feb 25 16:08 etc
[sunil@localhost playbooks]$ ls -lrt /data/sample/metrics/telegraf/ansible-playbook telegraf.yml -e "telegraf_action=uninstall"install"install"

PLAY [labservers] **********************************************************************************************************************************************************************************************

TASK [Gathering Facts] *****************************************************************************************************************************************************************************************
ok: [localhost]

TASK [Install Telegraf] ****************************************************************************************************************************************************************************************
ok: [localhost]

TASK [Start Telegraf] ******************************************************************************************************************************************************************************************
changed: [localhost]

TASK [Stop Telegraf Process] ***********************************************************************************************************************************************************************************
skipping: [localhost]

TASK [Remove binariy footprnts] ********************************************************************************************************************************************************************************
skipping: [localhost]

TASK [Telegraf Start] ******************************************************************************************************************************************************************************************
skipping: [localhost]

TASK [Telegraf Stop] *******************************************************************************************************************************************************************************************
skipping: [localhost]

TASK [Telegraf Restart] ****************************************************************************************************************************************************************************************
skipping: [localhost]

TASK [Telegraf Status] *****************************************************************************************************************************************************************************************
skipping: [localhost]

RUNNING HANDLER [telegraf_start] *******************************************************************************************************************************************************************************
changed: [localhost]

PLAY RECAP *****************************************************************************************************************************************************************************************************
localhost                  : ok=4    changed=2    unreachable=0    failed=0    skipped=6    rescued=0    ignored=0   

[sunil@localhost playbooks]$ 
[sunil@localhost playbooks]$ ps -ef|grp ep tele
sunil     92874      1  2 10:59 ?        00:00:00 /data/sample/metrics/telegraf/usr/bin/telegraf --config /data/sample/metrics/telegraf/etc/telegraf/telegraf.conf
sunil     92916  81625  0 10:59 pts/1    00:00:00 grep --color=auto tele
[sunil@localhost playbooks]$ 
[sunil@localhost playbooks]$ 
[sunil@localhost playbooks]$ 
[sunil@localhost playbooks]$ 
[sunil@localhost playbooks]$ cat telegraf.yml 
---
- hosts: labservers
  tasks:
          - name: Telegraf Installation
            block:
                    - name: Install Telegraf
                      unarchive:
                              src: https://dl.influxdata.com/telegraf/releases/telegraf-1.13.4_linux_amd64.tar.gz
                              dest: /data/sample/metrics
                              remote_src: yes

                    - name: Start Telegraf
                      command:
                              cmd: echo "Starting Telegraf after Installation"
                      notify:
                              - telegraf_start
            when: telegraf_action == "install"
            ignore_errors: yes

          - name: Telegraf Uninstallation
            block:
                    - name: Stop Telegraf Process
                      command:
                              cmd: echo "Stopping Telegraf for uninstallation"
                      notify:
                              - telegraf_stop
                    - name: Remove binariy footprnts
                      file:
                              path: /data/sampel/metrics/telegraf
                              state: absent
            when: telegraf_action == "uninstall"

          - name: Telegraf Start
            command:
                    cmd: echo "Starting Telegraf"
            notify:
                    - telegraf_start
            when: telegraf_action == "start"

          - name: Telegraf Stop
            command:
                    cmd: echo "Stopping Telegraf"
            notify:
                    - telegraf_stop
            when: telegraf_action == "stop"

          - name: Telegraf Restart
            command:
                    cmd: echo "Restarting Telegraf"
            notify:
                    - telegraf_stop
                    - telegraf_start
            when: telegraf_action == "restart"

          - name: Telegraf Status
            command:
                    cmd: echo "Display Telegraf Status"
            notify:
                    - telegraf_status
            when: telegraf_action == "status"

  handlers:
          - name: telegraf_start
            shell: nohup /data/sample/metrics/telegraf/usr/bin/telegraf --config /data/sample/metrics/telegraf/etc/telegraf/telegraf.conf > /tmp/telegraf.log 2>&1 &
            args:
                    executable: /bin/bash
          - name: telegraf_stop
            shell: killall telegraf; sleep 5;
            args:
                    executable: /bin/bash
          - name: telegraf_status
            shell: ps -ef|grep telegraf | grep -v grep
            ignore_errors: true
            register: ps
          - debug:
                  var: ps.stdout_lines
[sunil@localhost playbooks]$ 
[sunil@localhost playbooks]$ 